f x ` hello
    ` goodbye
  y z

f x {` hello `}
    ` goodbye
  y z

f x {` hello
world `}
    ` goodbye
  y z

f x
  ` hello
  y z

f x y z

f x
  
  y z
